Command line invocation:
    /Applications/Xcode.app/Contents/Developer/usr/bin/xcodebuild -workspace PackPlanner.xcworkspace -scheme PackPlanner -configuration Debug -sdk iphonesimulator -destination "platform=iOS Simulator,name=iPhone 16" build

Build settings from command line:
    SDKROOT = iphonesimulator26.0

2025-11-02 21:50:54.802 xcodebuild[65220:2277254] [MT] IDERunDestination: Supported platforms for the buildables in the current scheme is empty.
2025-11-02 21:51:54.896 xcodebuild[65220:2277254] Writing error result bundle to /var/folders/19/9sjn6k5s14n7kc26qh4hdbcm0000gn/T/ResultBundle_2025-02-11_21-51-0054.xcresult
xcodebuild: error: Unable to find a device matching the provided destination specifier:
		{ platform:iOS Simulator, OS:latest, name:iPhone 16 }

	The requested device could not be found because no available devices matched the request.

	Available destinations for the "PackPlanner" scheme:
		{ platform:macOS, arch:arm64, variant:Designed for [iPad,iPhone], id:00008132-001249612ED9801C, name:My Mac }
		{ platform:iOS, id:dvtdevice-DVTiPhonePlaceholder-iphoneos:placeholder, name:Any iOS Device }
		{ platform:iOS Simulator, id:dvtdevice-DVTiOSDeviceSimulatorPlaceholder-iphonesimulator:placeholder, name:Any iOS Simulator Device }
		{ platform:iOS Simulator, arch:arm64, id:F6397D8F-96AB-4FC7-85CF-80786414BF45, OS:18.5, name:iPad (A16) }
		{ platform:iOS Simulator, arch:x86_64, id:F6397D8F-96AB-4FC7-85CF-80786414BF45, OS:18.5, name:iPad (A16) }
		{ platform:iOS Simulator, arch:arm64, id:D14B09A9-503B-44CA-BCB4-43EC9E072593, OS:26.0, name:iPad (A16) }
		{ platform:iOS Simulator, arch:arm64, id:97631F0E-52F2-4DCC-97F3-D268EE273CF4, OS:18.5, name:iPad Air 11-inch (M3) }
		{ platform:iOS Simulator, arch:x86_64, id:97631F0E-52F2-4DCC-97F3-D268EE273CF4, OS:18.5, name:iPad Air 11-inch (M3) }
		{ platform:iOS Simulator, arch:arm64, id:76CD8093-F1CF-4170-9907-E936C781BA7F, OS:26.0, name:iPad Air 11-inch (M3) }
		{ platform:iOS Simulator, arch:arm64, id:BD42D397-0A99-44C0-8EC1-8E1F0D88D637, OS:18.5, name:iPad Air 13-inch (M3) }
		{ platform:iOS Simulator, arch:x86_64, id:BD42D397-0A99-44C0-8EC1-8E1F0D88D637, OS:18.5, name:iPad Air 13-inch (M3) }
		{ platform:iOS Simulator, arch:arm64, id:C06945C0-3CC2-4F28-95AF-BBAD8BB13695, OS:26.0, name:iPad Air 13-inch (M3) }
		{ platform:iOS Simulator, arch:arm64, id:FDC113A5-A251-4897-8534-8EA86B40260F, OS:18.5, name:iPad Pro 11-inch (M4) }
		{ platform:iOS Simulator, arch:x86_64, id:FDC113A5-A251-4897-8534-8EA86B40260F, OS:18.5, name:iPad Pro 11-inch (M4) }
		{ platform:iOS Simulator, arch:arm64, id:85014A9B-0483-4204-A79A-A70772ABE48D, OS:26.0, name:iPad Pro 11-inch (M4) }
		{ platform:iOS Simulator, arch:arm64, id:D9E8ED8D-B78F-40CE-ADE5-44D692F2260E, OS:18.5, name:iPad Pro 13-inch (M4) }
		{ platform:iOS Simulator, arch:x86_64, id:D9E8ED8D-B78F-40CE-ADE5-44D692F2260E, OS:18.5, name:iPad Pro 13-inch (M4) }
		{ platform:iOS Simulator, arch:arm64, id:C7B14E24-6C15-48AF-AE52-DE0261DF8B18, OS:26.0, name:iPad Pro 13-inch (M4) }
		{ platform:iOS Simulator, arch:arm64, id:95CB2922-238D-4D74-B527-1F0DCE6C4950, OS:18.5, name:iPad mini (A17 Pro) }
		{ platform:iOS Simulator, arch:x86_64, id:95CB2922-238D-4D74-B527-1F0DCE6C4950, OS:18.5, name:iPad mini (A17 Pro) }
		{ platform:iOS Simulator, arch:arm64, id:8D5FA0C5-E29E-4333-BA86-9909CAC7D2F2, OS:26.0, name:iPad mini (A17 Pro) }
		{ platform:iOS Simulator, arch:arm64, id:09F06641-6A53-49DE-80D8-1BFF34CE6C2B, OS:18.5, name:iPhone 16 }
		{ platform:iOS Simulator, arch:x86_64, id:09F06641-6A53-49DE-80D8-1BFF34CE6C2B, OS:18.5, name:iPhone 16 }
		{ platform:iOS Simulator, arch:arm64, id:BFE07D04-4F3D-43F5-B3DE-7C6516919CFA, OS:18.5, name:iPhone 16 Plus }
		{ platform:iOS Simulator, arch:x86_64, id:BFE07D04-4F3D-43F5-B3DE-7C6516919CFA, OS:18.5, name:iPhone 16 Plus }
		{ platform:iOS Simulator, arch:arm64, id:8D91BA84-F7FF-430A-AAD0-C9A54FDE9EC3, OS:18.5, name:iPhone 16 Pro }
		{ platform:iOS Simulator, arch:x86_64, id:8D91BA84-F7FF-430A-AAD0-C9A54FDE9EC3, OS:18.5, name:iPhone 16 Pro }
		{ platform:iOS Simulator, arch:arm64, id:B63C8F03-AF47-48CA-BA5D-4BFA50DAD58F, OS:18.5, name:iPhone 16 Pro Max }
		{ platform:iOS Simulator, arch:x86_64, id:B63C8F03-AF47-48CA-BA5D-4BFA50DAD58F, OS:18.5, name:iPhone 16 Pro Max }
		{ platform:iOS Simulator, arch:arm64, id:1C158E8F-DE4C-4140-8030-392B265C7CF2, OS:18.5, name:iPhone 16e }
		{ platform:iOS Simulator, arch:x86_64, id:1C158E8F-DE4C-4140-8030-392B265C7CF2, OS:18.5, name:iPhone 16e }
		{ platform:iOS Simulator, arch:arm64, id:55AB1DAC-5408-46D9-8E2B-B9FD0878DDCE, OS:26.0, name:iPhone 16e }
		{ platform:iOS Simulator, arch:arm64, id:7A2A13A6-2454-48B4-8E87-AF8A09E91FD4, OS:26.0, name:iPhone 17 }
		{ platform:iOS Simulator, arch:arm64, id:D8587B4A-8CFB-44C4-9E29-7E3DC1A86C58, OS:26.0, name:iPhone 17 Pro }
		{ platform:iOS Simulator, arch:arm64, id:84FC344E-7255-45FF-A771-8CE29814AB48, OS:26.0, name:iPhone 17 Pro Max }
		{ platform:iOS Simulator, arch:arm64, id:DE980B1F-4886-4DC3-BF82-B70515653A78, OS:26.0, name:iPhone Air }
